Hello from Modifly test PDF
